---
source: tui/src/chatwidget/tests.rs
expression: terminal.backend().vt100().screen().contents()
---


  Would you like to run the following command?

  $ echo hello world

› 1. Allow and proceed (y)
  2. Allow, and don't ask again for commands that start with `echo hello world` (p)
  3. Deny, and tell Codex what to do differently (esc)

  Press enter to confirm or esc to cancel
